I'm sorry, but errors were detected in your script. Please correct the
errors listed below, and try again.


File "game/script.rpy", line 13: expected '=' not found.
    define r
            ^

Ren'Py Version: Ren'Py 7.3.5.606
Thu Jul 16 16:38:18 2020
